d:\server\programmazione\c++\te_tetris\te_tetris\build_windows\_deps\ixwebsocket-build\ixwebsocket.dir\release\ixbench.obj
d:\server\programmazione\c++\te_tetris\te_tetris\build_windows\_deps\ixwebsocket-build\ixwebsocket.dir\release\ixhttpserver.obj
d:\server\programmazione\c++\te_tetris\te_tetris\build_windows\_deps\ixwebsocket-build\ixwebsocket.dir\release\ixsocketfactory.obj
d:\server\programmazione\c++\te_tetris\te_tetris\build_windows\_deps\ixwebsocket-build\ixwebsocket.dir\release\ixurlparser.obj
d:\server\programmazione\c++\te_tetris\te_tetris\build_windows\_deps\ixwebsocket-build\ixwebsocket.dir\release\ixwebsockethandshake.obj
d:\server\programmazione\c++\te_tetris\te_tetris\build_windows\_deps\ixwebsocket-build\ixwebsocket.dir\release\ixconnectionstate.obj
d:\server\programmazione\c++\te_tetris\te_tetris\build_windows\_deps\ixwebsocket-build\ixwebsocket.dir\release\ixhttpclient.obj
d:\server\programmazione\c++\te_tetris\te_tetris\build_windows\_deps\ixwebsocket-build\ixwebsocket.dir\release\ixsocketconnect.obj
d:\server\programmazione\c++\te_tetris\te_tetris\build_windows\_deps\ixwebsocket-build\ixwebsocket.dir\release\ixwebsocket.obj
d:\server\programmazione\c++\te_tetris\te_tetris\build_windows\_deps\ixwebsocket-build\ixwebsocket.dir\release\ixwebsocketserver.obj
d:\server\programmazione\c++\te_tetris\te_tetris\build_windows\_deps\ixwebsocket-build\ixwebsocket.dir\release\ixgetfreeport.obj
d:\server\programmazione\c++\te_tetris\te_tetris\build_windows\_deps\ixwebsocket-build\ixwebsocket.dir\release\ixselectinterrupt.obj
d:\server\programmazione\c++\te_tetris\te_tetris\build_windows\_deps\ixwebsocket-build\ixwebsocket.dir\release\ixsetthreadname.obj
d:\server\programmazione\c++\te_tetris\te_tetris\build_windows\_deps\ixwebsocket-build\ixwebsocket.dir\release\ixstrcasecompare.obj
d:\server\programmazione\c++\te_tetris\te_tetris\build_windows\_deps\ixwebsocket-build\ixwebsocket.dir\release\ixuuid.obj
d:\server\programmazione\c++\te_tetris\te_tetris\build_windows\_deps\ixwebsocket-build\ixwebsocket.dir\release\ixwebsocketpermessagedeflateoptions.obj
d:\server\programmazione\c++\te_tetris\te_tetris\build_windows\_deps\ixwebsocket-build\ixwebsocket.dir\release\ixdnslookup.obj
d:\server\programmazione\c++\te_tetris\te_tetris\build_windows\_deps\ixwebsocket-build\ixwebsocket.dir\release\ixselectinterruptpipe.obj
d:\server\programmazione\c++\te_tetris\te_tetris\build_windows\_deps\ixwebsocket-build\ixwebsocket.dir\release\ixselectinterruptevent.obj
d:\server\programmazione\c++\te_tetris\te_tetris\build_windows\_deps\ixwebsocket-build\ixwebsocket.dir\release\ixsockettlsoptions.obj
d:\server\programmazione\c++\te_tetris\te_tetris\build_windows\_deps\ixwebsocket-build\ixwebsocket.dir\release\ixuseragent.obj
d:\server\programmazione\c++\te_tetris\te_tetris\build_windows\_deps\ixwebsocket-build\ixwebsocket.dir\release\ixwebsocketpermessagedeflate.obj
d:\server\programmazione\c++\te_tetris\te_tetris\build_windows\_deps\ixwebsocket-build\ixwebsocket.dir\release\ixwebsocketproxyserver.obj
d:\server\programmazione\c++\te_tetris\te_tetris\build_windows\_deps\ixwebsocket-build\ixwebsocket.dir\release\ixexponentialbackoff.obj
d:\server\programmazione\c++\te_tetris\te_tetris\build_windows\_deps\ixwebsocket-build\ixwebsocket.dir\release\ixgzipcodec.obj
d:\server\programmazione\c++\te_tetris\te_tetris\build_windows\_deps\ixwebsocket-build\ixwebsocket.dir\release\ixnetsystem.obj
d:\server\programmazione\c++\te_tetris\te_tetris\build_windows\_deps\ixwebsocket-build\ixwebsocket.dir\release\ixselectinterruptfactory.obj
d:\server\programmazione\c++\te_tetris\te_tetris\build_windows\_deps\ixwebsocket-build\ixwebsocket.dir\release\ixsocketserver.obj
d:\server\programmazione\c++\te_tetris\te_tetris\build_windows\_deps\ixwebsocket-build\ixwebsocket.dir\release\ixwebsockethttpheaders.obj
d:\server\programmazione\c++\te_tetris\te_tetris\build_windows\_deps\ixwebsocket-build\ixwebsocket.dir\release\ixcancellationrequest.obj
d:\server\programmazione\c++\te_tetris\te_tetris\build_windows\_deps\ixwebsocket-build\ixwebsocket.dir\release\ixhttp.obj
d:\server\programmazione\c++\te_tetris\te_tetris\build_windows\_deps\ixwebsocket-build\ixwebsocket.dir\release\ixsocket.obj
d:\server\programmazione\c++\te_tetris\te_tetris\build_windows\_deps\ixwebsocket-build\ixwebsocket.dir\release\ixudpsocket.obj
d:\server\programmazione\c++\te_tetris\te_tetris\build_windows\_deps\ixwebsocket-build\ixwebsocket.dir\release\ixwebsocketcloseconstants.obj
d:\server\programmazione\c++\te_tetris\te_tetris\build_windows\_deps\ixwebsocket-build\ixwebsocket.dir\release\ixwebsocketpermessagedeflatecodec.obj
d:\server\programmazione\c++\te_tetris\te_tetris\build_windows\_deps\ixwebsocket-build\ixwebsocket.dir\release\ixwebsockettransport.obj
d:\server\programmazione\c++\te_tetris\te_tetris\build_windows\_deps\ixwebsocket-build\cmakefiles\generate.stamp
d:\server\programmazione\c++\te_tetris\te_tetris\build_windows\_deps\ixwebsocket-build\release\ixwebsocket.lib
d:\server\programmazione\c++\te_tetris\te_tetris\build_windows\_deps\ixwebsocket-build\ixwebsocket.dir\release\ixwebsocket.tlog\cl.12236.write.1.tlog
d:\server\programmazione\c++\te_tetris\te_tetris\build_windows\_deps\ixwebsocket-build\ixwebsocket.dir\release\ixwebsocket.tlog\cl.command.1.tlog
d:\server\programmazione\c++\te_tetris\te_tetris\build_windows\_deps\ixwebsocket-build\ixwebsocket.dir\release\ixwebsocket.tlog\cl.items.tlog
d:\server\programmazione\c++\te_tetris\te_tetris\build_windows\_deps\ixwebsocket-build\ixwebsocket.dir\release\ixwebsocket.tlog\cl.read.1.tlog
d:\server\programmazione\c++\te_tetris\te_tetris\build_windows\_deps\ixwebsocket-build\ixwebsocket.dir\release\ixwebsocket.tlog\custombuild.command.1.tlog
d:\server\programmazione\c++\te_tetris\te_tetris\build_windows\_deps\ixwebsocket-build\ixwebsocket.dir\release\ixwebsocket.tlog\custombuild.read.1.tlog
d:\server\programmazione\c++\te_tetris\te_tetris\build_windows\_deps\ixwebsocket-build\ixwebsocket.dir\release\ixwebsocket.tlog\custombuild.write.1.tlog
d:\server\programmazione\c++\te_tetris\te_tetris\build_windows\_deps\ixwebsocket-build\ixwebsocket.dir\release\ixwebsocket.tlog\lib-link.read.1.tlog
d:\server\programmazione\c++\te_tetris\te_tetris\build_windows\_deps\ixwebsocket-build\ixwebsocket.dir\release\ixwebsocket.tlog\lib-link.write.1.tlog
d:\server\programmazione\c++\te_tetris\te_tetris\build_windows\_deps\ixwebsocket-build\ixwebsocket.dir\release\ixwebsocket.tlog\lib.command.1.tlog
